################################################################################
#                                                                              #
#      IAR Universal Linker V6.5.1.95                                          #
#                                                                              #
#           Link time     =  23/Aug/2019  16:55:49                             #
#           Target CPU    =  MSP430                                            #
#           List file     =  C:\Condivisi\4H\TPS\Utility\Debug\List\Utility.ma #
#                            p                                                 #
#           Output file 1 =  C:\Condivisi\4H\TPS\Utility\Debug\Exe\Utility.d43 #
#                            Format: ubrof10                                   #
#                            UBROF version 10.0.6                              #
#                            Using library modules for C-SPY (-rt)             #
#           Command line  =  -f                                                #
#                            C:\Users\Utente\AppData\Local\Temp\EW66D0.tmp     #
#                            (C:\Condivisi\4H\TPS\Utility\Debug\Obj\adc12.r43  #
#                            C:\Condivisi\4H\TPS\Utility\Debug\Obj\circularBuf #
#                            fer.r43                                           #
#                            C:\Condivisi\4H\TPS\Utility\Debug\Obj\debouncer.r #
#                            43                                                #
#                            C:\Condivisi\4H\TPS\Utility\Debug\Obj\i2c.r43     #
#                            C:\Condivisi\4H\TPS\Utility\Debug\Obj\linkedList. #
#                            r43                                               #
#                            C:\Condivisi\4H\TPS\Utility\Debug\Obj\main.r43    #
#                            C:\Condivisi\4H\TPS\Utility\Debug\Obj\muxSevenSeg #
#                            .r43                                              #
#                            C:\Condivisi\4H\TPS\Utility\Debug\Obj\serial.r43  #
#                            C:\Condivisi\4H\TPS\Utility\Debug\Obj\sevenSegmen #
#                            t.r43                                             #
#                            C:\Condivisi\4H\TPS\Utility\Debug\Obj\timer.r43   #
#                            -o                                                #
#                            C:\Condivisi\4H\TPS\Utility\Debug\Exe\Utility.d43 #
#                            -l                                                #
#                            C:\Condivisi\4H\TPS\Utility\Debug\List\Utility.ma #
#                            p                                                 #
#                            -xms                                              #
#                            "-IC:\Program Files (x86)\IAR Systems\Embedded Wo #
#                            rkbench 8.0\430\LIB\"                             #
#                            -f                                                #
#                            "C:\Program Files (x86)\IAR Systems\Embedded Work #
#                            bench 8.0\430\config\linker\lnk430f5529.xcl"      #
#                            (-cmsp430 -D?CPU30_OFFSET=2 -QCODE_I=CODE_ID      #
#                            -QTLS16_I=TLS16_ID -D__iar_HWMUL=4C0              #
#                            -Z(CONST)INFO=1800-19FF                           #
#                            -Z(CONST)INFOA=1980-19FF                          #
#                            -Z(CONST)INFOB=1900-197F                          #
#                            -Z(CONST)INFOC=1880-18FF                          #
#                            -Z(CONST)INFOD=1800-187F                          #
#                            -Z(DATA)USBRAM=1C00-23FF                          #
#                            -Z(DATA)DATA16_I,DATA16_Z,DATA16_N,TLS16_I=2400-4 #
#                            3FF                                               #
#                            -Z(DATA)DATA16_HEAP+_DATA16_HEAP_SIZE             #
#                            -Z(DATA)CODE_I                                    #
#                            -Z(DATA)DATA20_I,DATA20_Z,DATA20_N,DATA20_HEAP+_D #
#                            ATA20_HEAP_SIZE                                   #
#                            -Z(DATA)CSTACK+_STACK_SIZE#                       #
#                            -Z(CONST)DATA16_C,DATA16_ID,TLS16_ID,DIFUNCT,CHEC #
#                            KSUM=4400-FF7F                                    #
#                            -Z(CODE)CSTART,ISR_CODE,CODE16=4400-FF7F          #
#                            -P(CODE)CODE=4400-FF7F,10000-243FF                #
#                            -Z(CONST)DATA20_C,DATA20_ID,CODE_ID=4400-FF7F,100 #
#                            40-243FF                                          #
#                            -Z(CODE)INTVEC=FF80-FFFF                          #
#                            -Z(CODE)RESET=FFFE-FFFF) -f                       #
#                            "C:\Program Files (x86)\IAR Systems\Embedded Work #
#                            bench 8.0\430\config\linker\multiplier32.xcl"     #
#                            (-e?Mul8Hw=?Mul8 -e?Mul16Hw=?Mul16                #
#                            -e?Mul16to32uHw=?Mul16to32u                       #
#                            -e?Mul16to32sHw=?Mul16to32s -e?Mul32Hw32=?Mul32   #
#                            -e?Mul64Hw32=_Mul64i                              #
#                            -e?Mul32u32uto64iHw32=_Mul32u32uto64i             #
#                            -e?Mul32fHw32=_Mul32f                             #
#                            -e_Mul64fHw32Ptr=_Mul64fPtr) -D_STACK_SIZE=A0     #
#                            -rt                                               #
#                            "C:\Program Files (x86)\IAR Systems\Embedded Work #
#                            bench 8.0\430\lib\dlib\dl430xlsfn.r43"            #
#                            -e_PrintfLarge=_Printf -e_ScanfLarge=_Scanf       #
#                            -D_DATA16_HEAP_SIZE=A0 -s __program_start         #
#                            -D_DATA20_HEAP_SIZE=50)                           #
#                                                                              #
#                           Copyright (C) 1987-2016 IAR Systems AB.            #
################################################################################





                ****************************************
                *                                      *
                *           CROSS REFERENCE            *
                *                                      *
                ****************************************

       Program entry at :           4446  Relocatable, from module : ?cstart




                ****************************************
                *                                      *
                *            RUNTIME MODEL             *
                *                                      *
                ****************************************

  __Heap_Handler             = Basic
  __SystemLibrary            = DLib
  __code_model               = large
  __core                     = 430X
  __data_model               = small
  __dlib_file_descriptor     = 0
  __dlib_full_locale_support = 0
  __double_size              = 32
  __pic                      = no
  __reg_r4                   = free
  __reg_r5                   = free
  __rt_version               = 3

                ****************************************
                *                                      *
                *    AUTOMATIC SYMBOL REDIRECTIONS     *
                *                                      *
                ****************************************

                  There are no automatic symbol redirections.



                ****************************************
                *                                      *
                *              MODULE MAP              *
                *                                      *
                ****************************************


  DEFINED ABSOLUTE ENTRIES
    *************************************************************************

  DEFINED ABSOLUTE ENTRIES
  PROGRAM MODULE, NAME : ?ABS_ENTRY_MOD

Absolute parts
           ENTRY                   ADDRESS         REF BY
           =====                   =======         ======
           _DATA20_HEAP_SIZE       0050 
           _DATA16_HEAP_SIZE       00A0 
           _STACK_SIZE             00A0 
           __iar_HWMUL             04C0 
           ?CPU30_OFFSET           0002 
    *************************************************************************

  FILE NAME : C:\Condivisi\4H\TPS\Utility\Debug\Obj\adc12.r43
  PROGRAM MODULE, NAME : adc12

  SEGMENTS IN THE MODULE
  ======================
DATA16_AN
  Relative segment, address: 0700 - 0701 (0x2 bytes), align: 0
  Segment part 1. ROOT 
           ENTRY                   ADDRESS         REF BY
           =====                   =======         ======
           _A_ADC12CTL0            0700 
           LOCAL                   ADDRESS         
           =====                   =======         
           ADC12CTL0               0700 
           ADC12CTL0_H             0701 
           ADC12CTL0_L             0700 
           ADC12CTL0_bit           0700 
    -------------------------------------------------------------------------
DATA16_AN
  Relative segment, address: 0702 - 0703 (0x2 bytes), align: 0
  Segment part 2. ROOT 
           ENTRY                   ADDRESS         REF BY
           =====                   =======         ======
           _A_ADC12CTL1            0702 
           LOCAL                   ADDRESS         
           =====                   =======         
           ADC12CTL1               0702 
           ADC12CTL1_H             0703 
           ADC12CTL1_L             0702 
           ADC12CTL1_bit           0702 
    -------------------------------------------------------------------------
DATA16_AN
  Relative segment, address: 0720 - 0721 (0x2 bytes), align: 0
  Segment part 3. ROOT 
           ENTRY                   ADDRESS         REF BY
           =====                   =======         ======
           _A_ADC12MEM0            0720 
           LOCAL                   ADDRESS         
           =====                   =======         
           ADC12MEM0               0720 
           ADC12MEM0_H             0721 
           ADC12MEM0_L             0720 
    -------------------------------------------------------------------------
DATA16_AN
  Relative segment, address: 0710 - 0710 (0x1 bytes), align: 0
  Segment part 4. ROOT 
           ENTRY                   ADDRESS         REF BY
           =====                   =======         ======
           _A_ADC12MCTL0           0710 
           LOCAL                   ADDRESS         
           =====                   =======         
           ADC12MCTL0              0710 
           ADC12MCTL0_bit          0710 
    -------------------------------------------------------------------------
DATA16_AN
  Relative segment, address: 01B0 - 01B1 (0x2 bytes), align: 0
  Segment part 5. ROOT 
           ENTRY                   ADDRESS         REF BY
           =====                   =======         ======
           _A_REFCTL0              01B0 
           LOCAL                   ADDRESS         
           =====                   =======         
           REFCTL0                 01B0 
           REFCTL0_H               01B1 
           REFCTL0_L               01B0 
           REFCTL0_bit             01B0 

    *************************************************************************

  FILE NAME : C:\Condivisi\4H\TPS\Utility\Debug\Obj\circularBuffer.r43
  PROGRAM MODULE, NAME : circularBuffer

  SEGMENTS IN THE MODULE
  ======================
<CODE> 1 (was CODE)
  Relative segment, address: 48CE - 48DB (0xe bytes), align: 1
  Segment part 2.             Intra module refs:   cbFree
           ENTRY                   ADDRESS         REF BY
           =====                   =======         ======
           free                    48CE 
               calls direct
    -------------------------------------------------------------------------
<CODE> 1 (was CODE)
  Relative segment, address: 48DC - 48E9 (0xe bytes), align: 1
  Segment part 3.             Intra module refs:   cbInit
           ENTRY                   ADDRESS         REF BY
           =====                   =======         ======
           malloc                  48DC 
               calls direct
    -------------------------------------------------------------------------
<CODE> 1 (was CODE)
  Relative segment, address: 4782 - 47A5 (0x24 bytes), align: 1
  Segment part 4.
           ENTRY                   ADDRESS         REF BY
           =====                   =======         ======
           cbInit                  4782            _begin (serial)
               calls direct
    -------------------------------------------------------------------------
<CODE> 1 (was CODE)
  Relative segment, address: 488E - 489D (0x10 bytes), align: 1
  Segment part 5.
           ENTRY                   ADDRESS         REF BY
           =====                   =======         ======
           cbFree                  488E            _close (serial)
               calls direct
    -------------------------------------------------------------------------
<CODE> 1 (was CODE)
  Relative segment, address: 489E - 48AD (0x10 bytes), align: 1
  Segment part 7.
           ENTRY                   ADDRESS         REF BY
           =====                   =======         ======
           cbIsEmpty               489E            __serial_interrupt (serial)
    -------------------------------------------------------------------------
<CODE> 1 (was CODE)
  Relative segment, address: 465E - 4693 (0x36 bytes), align: 1
  Segment part 8.
           ENTRY                   ADDRESS         REF BY
           =====                   =======         ======
           cbWrite                 465E            __serial_interrupt (serial)
                                                   _writeAsync (serial)
                                                   _writeBuffAsync (serial)
                                                   _writeCharAsync (serial)
    -------------------------------------------------------------------------
<CODE> 1 (was CODE)
  Relative segment, address: 4694 - 46C9 (0x36 bytes), align: 1
  Segment part 9.
           ENTRY                   ADDRESS         REF BY
           =====                   =======         ======
           cbRead                  4694            __serial_interrupt (serial)
                                                   _readCharAsync (serial)

    *************************************************************************

  FILE NAME : C:\Condivisi\4H\TPS\Utility\Debug\Obj\debouncer.r43
    *************************************************************************

  FILE NAME : C:\Condivisi\4H\TPS\Utility\Debug\Obj\i2c.r43
  PROGRAM MODULE, NAME : i2c

  SEGMENTS IN THE MODULE
  ======================
DATA16_AN
  Relative segment, address: 05E0 - 05E1 (0x2 bytes), align: 0
  Segment part 1. ROOT 
           ENTRY                   ADDRESS         REF BY
           =====                   =======         ======
           _A_UCB0CTLW0__SPI       05E0 
           LOCAL                   ADDRESS         
           =====                   =======         
           UCB0CTL0                05E1 
           UCB0CTL0__SPI           05E1 
           UCB0CTL0__SPI_bit       05E1 
           UCB0CTL0_bit            05E1 
           UCB0CTL1                05E0 
           UCB0CTL1__SPI           05E0 
           UCB0CTL1__SPI_bit       05E0 
           UCB0CTL1_bit            05E0 
           UCB0CTLW0               05E0 
           UCB0CTLW0__SPI          05E0 
    -------------------------------------------------------------------------
DATA16_AN
  Relative segment, address: 05F2 - 05F3 (0x2 bytes), align: 0
  Segment part 2. ROOT 
           ENTRY                   ADDRESS         REF BY
           =====                   =======         ======
           _A_UCB0I2CSA            05F2 
           LOCAL                   ADDRESS         
           =====                   =======         
           UCB0I2CSA               05F2 
           UCB0I2CSA_H             05F3 
           UCB0I2CSA_L             05F2 
           UCB0I2CSA_bit           05F2 

    *************************************************************************

  FILE NAME : C:\Condivisi\4H\TPS\Utility\Debug\Obj\linkedList.r43
    *************************************************************************

  FILE NAME : C:\Condivisi\4H\TPS\Utility\Debug\Obj\main.r43
  PROGRAM MODULE, NAME : main

  SEGMENTS IN THE MODULE
  ======================
DATA16_AN
  Relative segment, address: 015C - 015D (0x2 bytes), align: 0
  Segment part 1. ROOT        Intra module refs:   main
           ENTRY                   ADDRESS         REF BY
           =====                   =======         ======
           _A_WDTCTL               015C 
           LOCAL                   ADDRESS         
           =====                   =======         
           WDTCTL                  015C 
           WDTCTL_H                015D 
           WDTCTL_L                015C 
           WDTCTL_bit              015C 
    -------------------------------------------------------------------------
<CODE> 1 (was CODE)
  Relative segment, address: 4758 - 4781 (0x2a bytes), align: 1
  Segment part 3.
           ENTRY                   ADDRESS         REF BY
           =====                   =======         ======
           main                    4758            Segment part 27 (?cstart)
               calls indirect

    *************************************************************************

  FILE NAME : C:\Condivisi\4H\TPS\Utility\Debug\Obj\muxSevenSeg.r43
    *************************************************************************

  FILE NAME : C:\Condivisi\4H\TPS\Utility\Debug\Obj\serial.r43
  PROGRAM MODULE, NAME : serial

  SEGMENTS IN THE MODULE
  ======================
DATA16_AN
  Relative segment, address: 022A - 022B (0x2 bytes), align: 0
  Segment part 1. ROOT        Intra module refs:   _begin
           ENTRY                   ADDRESS         REF BY
           =====                   =======         ======
           _A_PBSEL                022A 
           LOCAL                   ADDRESS         
           =====                   =======         
           P3SEL                   022A 
           P3SEL_bit               022A 
           P4SEL                   022B 
           P4SEL_bit               022B 
           PBSEL                   022A 
           PBSEL_H                 022B 
           PBSEL_L                 022A 
           PBSEL_bit               022A 
    -------------------------------------------------------------------------
DATA16_AN
  Relative segment, address: 0600 - 0601 (0x2 bytes), align: 0
  Segment part 2. ROOT        Intra module refs:   _begin
           ENTRY                   ADDRESS         REF BY
           =====                   =======         ======
           _A_UCA1CTLW0            0600 
           LOCAL                   ADDRESS         
           =====                   =======         
           UCA1CTL0                0601 
           UCA1CTL0__SPI           0601 
           UCA1CTL0__SPI_bit       0601 
           UCA1CTL0_bit            0601 
           UCA1CTL1                0600 
           UCA1CTL1__SPI           0600 
           UCA1CTL1__SPI_bit       0600 
           UCA1CTL1_bit            0600 
           UCA1CTLW0               0600 
           UCA1CTLW0_H             0601 
           UCA1CTLW0_L             0600 
           UCA1CTLW0__SPI          0600 
    -------------------------------------------------------------------------
DATA16_AN
  Relative segment, address: 0606 - 0607 (0x2 bytes), align: 0
  Segment part 3. ROOT        Intra module refs:   _begin
           ENTRY                   ADDRESS         REF BY
           =====                   =======         ======
           _A_UCA1BRW              0606 
           LOCAL                   ADDRESS         
           =====                   =======         
           UCA1BR0                 0606 
           UCA1BR0__SPI            0606 
           UCA1BR1                 0607 
           UCA1BR1__SPI            0607 
           UCA1BRW                 0606 
           UCA1BRW_H               0607 
           UCA1BRW_L               0606 
           UCA1BRW__SPI            0606 
    -------------------------------------------------------------------------
DATA16_AN
  Relative segment, address: 0608 - 0608 (0x1 bytes), align: 0
  Segment part 4. ROOT        Intra module refs:   _begin
           ENTRY                   ADDRESS         REF BY
           =====                   =======         ======
           _A_UCA1MCTL             0608 
           LOCAL                   ADDRESS         
           =====                   =======         
           UCA1MCTL                0608 
           UCA1MCTL__SPI           0608 
           UCA1MCTL_bit            0608 
    -------------------------------------------------------------------------
DATA16_AN
  Relative segment, address: 060C - 060C (0x1 bytes), align: 0
  Segment part 5. ROOT        Intra module refs:   __serial_interrupt
           ENTRY                   ADDRESS         REF BY
           =====                   =======         ======
           _A_UCA1RXBUF            060C 
           LOCAL                   ADDRESS         
           =====                   =======         
           UCA1RXBUF               060C 
           UCA1RXBUF__SPI          060C 
    -------------------------------------------------------------------------
DATA16_AN
  Relative segment, address: 060E - 060E (0x1 bytes), align: 0
  Segment part 6. ROOT        Intra module refs:   __serial_interrupt
           ENTRY                   ADDRESS         REF BY
           =====                   =======         ======
           _A_UCA1TXBUF            060E 
           LOCAL                   ADDRESS         
           =====                   =======         
           UCA1TXBUF               060E 
           UCA1TXBUF__SPI          060E 
    -------------------------------------------------------------------------
DATA16_AN
  Relative segment, address: 061C - 061D (0x2 bytes), align: 0
  Segment part 7. ROOT        Intra module refs:   __serial_interrupt
                                                   _begin
                                                   _writeAsync
                                                   _writeBuffAsync
                                                   _writeChar
                                                   _writeCharAsync
           ENTRY                   ADDRESS         REF BY
           =====                   =======         ======
           _A_UCA1ICTL             061C 
           LOCAL                   ADDRESS         
           =====                   =======         
           UCA1ICTL                061C 
           UCA1ICTL_H              061D 
           UCA1ICTL_L              061C 
           UCA1ICTL__SPI           061C 
           UCA1IE                  061C 
           UCA1IE__SPI             061C 
           UCA1IE__SPI_bit         061C 
           UCA1IE_bit              061C 
           UCA1IFG                 061D 
           UCA1IFG__SPI            061D 
           UCA1IFG__SPI_bit        061D 
           UCA1IFG_bit             061D 
    -------------------------------------------------------------------------
DATA16_I
  Relative segment, address: 2400 - 2445 (0x46 bytes), align: 1
  Segment part 10.            Intra module refs:   __serial_interrupt
                                                   _begin
                                                   _close
                                                   _readCharAsync
                                                   _writeAsync
                                                   _writeBuffAsync
                                                   _writeCharAsync
           ENTRY                   ADDRESS         REF BY
           =====                   =======         ======
           Serial                  2400            main (main)
    -------------------------------------------------------------------------
<CODE> 1 (was CODE)
  Relative segment, address: 460E - 465D (0x50 bytes), align: 1
  Segment part 14.            Intra module refs:   Segment part 11
           ENTRY                   ADDRESS         REF BY
           =====                   =======         ======
           _begin                  460E 
               calls direct
    -------------------------------------------------------------------------
<CODE> 1 (was CODE)
  Relative segment, address: 48AE - 48BD (0x10 bytes), align: 1
  Segment part 15.            Intra module refs:   Segment part 11
           ENTRY                   ADDRESS         REF BY
           =====                   =======         ======
           _close                  48AE 
               calls direct
    -------------------------------------------------------------------------
<CODE> 1 (was CODE)
  Relative segment, address: 486A - 487B (0x12 bytes), align: 1
  Segment part 16.            Intra module refs:   Segment part 11
                                                   _readChar
           ENTRY                   ADDRESS         REF BY
           =====                   =======         ======
           _readCharAsync          486A 
               calls direct
    -------------------------------------------------------------------------
<CODE> 1 (was CODE)
  Relative segment, address: 487C - 488D (0x12 bytes), align: 1
  Segment part 17.            Intra module refs:   Segment part 11
                                                   _read
                                                   _readUntil
           ENTRY                   ADDRESS         REF BY
           =====                   =======         ======
           _readChar               487C 
               calls direct
    -------------------------------------------------------------------------
<CODE> 1 (was CODE)
  Relative segment, address: 47E2 - 47FB (0x1a bytes), align: 1
  Segment part 18.            Intra module refs:   Segment part 11
           ENTRY                   ADDRESS         REF BY
           =====                   =======         ======
           _read                   47E2 
               calls direct
    -------------------------------------------------------------------------
<CODE> 1 (was CODE)
  Relative segment, address: 47A6 - 47C3 (0x1e bytes), align: 1
  Segment part 19.            Intra module refs:   Segment part 11
                                                   _writeChar
           ENTRY                   ADDRESS         REF BY
           =====                   =======         ======
           _writeCharAsync         47A6 
               calls direct
    -------------------------------------------------------------------------
<CODE> 1 (was CODE)
  Relative segment, address: 4814 - 482B (0x18 bytes), align: 1
  Segment part 20.            Intra module refs:   Segment part 11
                                                   _write
                                                   _writeBuff
           ENTRY                   ADDRESS         REF BY
           =====                   =======         ======
           _writeChar              4814 
               calls direct
    -------------------------------------------------------------------------
<CODE> 1 (was CODE)
  Relative segment, address: 47FC - 4813 (0x18 bytes), align: 1
  Segment part 21.            Intra module refs:   Segment part 11
           ENTRY                   ADDRESS         REF BY
           =====                   =======         ======
           _write                  47FC 
               calls direct
    -------------------------------------------------------------------------
<CODE> 1 (was CODE)
  Relative segment, address: 46CA - 46FD (0x34 bytes), align: 1
  Segment part 22.            Intra module refs:   Segment part 11
           ENTRY                   ADDRESS         REF BY
           =====                   =======         ======
           _writeAsync             46CA 
               calls direct
    -------------------------------------------------------------------------
<CODE> 1 (was CODE)
  Relative segment, address: 482C - 4843 (0x18 bytes), align: 1
  Segment part 23.            Intra module refs:   Segment part 11
           ENTRY                   ADDRESS         REF BY
           =====                   =======         ======
           _writeBuff              482C 
               calls direct
    -------------------------------------------------------------------------
<CODE> 1 (was CODE)
  Relative segment, address: 46FE - 472D (0x30 bytes), align: 1
  Segment part 24.            Intra module refs:   Segment part 11
           ENTRY                   ADDRESS         REF BY
           =====                   =======         ======
           _writeBuffAsync         46FE 
               calls direct
    -------------------------------------------------------------------------
<CODE> 1 (was CODE)
  Relative segment, address: 472E - 4757 (0x2a bytes), align: 1
  Segment part 25.            Intra module refs:   Segment part 11
           ENTRY                   ADDRESS         REF BY
           =====                   =======         ======
           _readUntil              472E 
               calls direct
    -------------------------------------------------------------------------
ISR_CODE
  Relative segment, address: 446E - 44B5 (0x48 bytes), align: 1
  Segment part 26.            Intra module refs:   __serial_interrupt::??INTVEC 92
           ENTRY                   ADDRESS         REF BY
           =====                   =======         ======
           __serial_interrupt      446E 
               interrupt function
               calls direct
    -------------------------------------------------------------------------
DATA16_Z
  Relative segment, address: 244C - 244C (0x1 bytes), align: 0
  Segment part 12.            Intra module refs:   __serial_interrupt
           LOCAL                   ADDRESS         
           =====                   =======         
           __serial_interrupt::data
                                   244C 
    -------------------------------------------------------------------------
INTVEC
  Common segment, address: FF80 - FFDD (0x5e bytes), align: 1
  Segment part 8. ROOT 
           ENTRY                   ADDRESS         REF BY
           =====                   =======         ======
           __serial_interrupt::??INTVEC 92
                                   FFDC 
    -------------------------------------------------------------------------
DATA16_ID
  Relative segment, address: 4400 - 4445 (0x46 bytes), align: 1
  Segment part 11.            Intra module refs:   Serial

    *************************************************************************

  FILE NAME : C:\Condivisi\4H\TPS\Utility\Debug\Obj\sevenSegment.r43
    *************************************************************************

  FILE NAME : C:\Condivisi\4H\TPS\Utility\Debug\Obj\timer.r43
  PROGRAM MODULE, NAME : timer

  SEGMENTS IN THE MODULE
  ======================
DATA16_AN
  Relative segment, address: 0340 - 0341 (0x2 bytes), align: 0
  Segment part 1. ROOT 
           ENTRY                   ADDRESS         REF BY
           =====                   =======         ======
           _A_TA0CTL               0340 
           LOCAL                   ADDRESS         
           =====                   =======         
           TA0CTL                  0340 
           TA0CTL_bit              0340 
    -------------------------------------------------------------------------
DATA16_AN
  Relative segment, address: 0352 - 0353 (0x2 bytes), align: 0
  Segment part 2. ROOT 
           ENTRY                   ADDRESS         REF BY
           =====                   =======         ======
           TA0CCR0                 0352 

    *************************************************************************

  FILE NAME : C:\Program Files (x86)\IAR Systems\Embedded Workbench 8.0\430\lib\dlib\dl430xlsfn.r43
  LIBRARY MODULE, NAME : ?__dbg_break

  SEGMENTS IN THE MODULE
  ======================
<CODE> 1 (was CODE)
  Relative segment, address: 48F6 - 48F7 (0x2 bytes), align: 1
  Segment part 2.
           ENTRY                   ADDRESS         REF BY
           =====                   =======         ======
           __DebugBreak            48F6            __exit (?__exit)

    -------------------------------------------------------------------------
  LIBRARY MODULE, NAME : ?__exit

  SEGMENTS IN THE MODULE
  ======================
<CODE> 1 (was CODE)
  Relative segment, address: 4844 - 4857 (0x14 bytes), align: 1
  Segment part 2.
           ENTRY                   ADDRESS         REF BY
           =====                   =======         ======
           __exit                  4844            Segment part 6 (?_exit)
                                                   _exit (?_exit)
               calls direct

    -------------------------------------------------------------------------
  LIBRARY MODULE, NAME : ?_exit

  SEGMENTS IN THE MODULE
  ======================
<CODE> 1 (was CODE)
  Relative segment, address: 48EA, align: 1
  Segment part 0.
           ENTRY                   ADDRESS         REF BY
           =====                   =======         ======
           _exit                   48EA            exit (?exit)
    -------------------------------------------------------------------------
<CODE> 1 (was CODE)
  Relative segment, address: 48EA - 48ED (0x4 bytes), align: 1
  Segment part 6.             Intra module refs:   _exit

    -------------------------------------------------------------------------
  LIBRARY MODULE, NAME : ?cstart

  SEGMENTS IN THE MODULE
  ======================
CSTACK
  Relative segment, address: 4360, align: 1
  Segment part 1.
    -------------------------------------------------------------------------
DATA16_Z
  Relative segment, address: 2446, align: 1
  Segment part 2.
    -------------------------------------------------------------------------
DATA16_I
  Relative segment, address: 2446, align: 1
  Segment part 3.
    -------------------------------------------------------------------------
DATA16_ID
  Relative segment, address: 4446, align: 1
  Segment part 4.
    -------------------------------------------------------------------------
CODE_I
  Relative segment, address: 24EE, align: 1
  Segment part 5.
    -------------------------------------------------------------------------
CODE_ID
  Relative segment, address: 48F8, align: 1
  Segment part 6.
    -------------------------------------------------------------------------
DATA20_Z
  Relative segment, address: 24EE, align: 1
  Segment part 7.
    -------------------------------------------------------------------------
DATA20_I
  Relative segment, address: 24EE, align: 1
  Segment part 8.
    -------------------------------------------------------------------------
DATA20_ID
  Relative segment, address: 48F8, align: 1
  Segment part 9.
    -------------------------------------------------------------------------
DATA20_C
  Relative segment, address: 48F8, align: 1
  Segment part 10.
    -------------------------------------------------------------------------
DATA20_N
  Relative segment, address: 24EE, align: 1
  Segment part 12.
    -------------------------------------------------------------------------
CSTART
  Relative segment, address: 4446 - 4449 (0x4 bytes), align: 1
  Segment part 15.
           ENTRY                   ADDRESS         REF BY
           =====                   =======         ======
           __program_start         4446            ?reset_vector (?reset_vector)
                                                   Absolute parts (?ABS_ENTRY_MOD)
           ?cstart_begin           4446 
    -------------------------------------------------------------------------
CSTART
  Relative segment, address: 444A - 4455 (0xc bytes), align: 1
  Segment part 20.
           ENTRY                   ADDRESS         REF BY
           =====                   =======         ======
           ?cstart_init_zero       444A            Segment part 2 (?xgetmemchunk)
                                                   __data16_Aldata (?xxmemxmalloc)
                                                   __serial_interrupt::data (serial)
    -------------------------------------------------------------------------
CSTART
  Relative segment, address: 4456 - 4465 (0x10 bytes), align: 1
  Segment part 21.
           ENTRY                   ADDRESS         REF BY
           =====                   =======         ======
           ?cstart_init_copy       4456            Serial (serial)
    -------------------------------------------------------------------------
CSTART
  Relative segment, address: 4466 - 446D (0x8 bytes), align: 1
  Segment part 27.            Intra module refs:   Segment part 15
           ENTRY                   ADDRESS         REF BY
           =====                   =======         ======
           ?cstart_call_main       4466 
           ?cstart_end             446E 
    -------------------------------------------------------------------------
CODE_ID
  Relative segment, address: 48F8, align: 1
  Segment part 28.            Intra module refs:   Segment part 5

    -------------------------------------------------------------------------
  LIBRARY MODULE, NAME : ?reset_vector

  SEGMENTS IN THE MODULE
  ======================
RESET
  Relative segment, address: FFFE - FFFF (0x2 bytes), align: 1
  Segment part 0.
           ENTRY                   ADDRESS         REF BY
           =====                   =======         ======
           ?reset_vector           FFFE            Segment part 15 (?cstart)

    -------------------------------------------------------------------------
  LIBRARY MODULE, NAME : ?exit

  SEGMENTS IN THE MODULE
  ======================
<CODE> 1 (was CODE)
  Relative segment, address: 48EE - 48F1 (0x4 bytes), align: 1
  Segment part 2.
           ENTRY                   ADDRESS         REF BY
           =====                   =======         ======
           exit                    48EE            Segment part 27 (?cstart)
               calls direct

    -------------------------------------------------------------------------
  LIBRARY MODULE, NAME : ?memcpy

  SEGMENTS IN THE MODULE
  ======================
<CODE> 1 (was CODE)
  Relative segment, address: 4858 - 4869 (0x12 bytes), align: 1
  Segment part 2.
           ENTRY                   ADDRESS         REF BY
           =====                   =======         ======
           memcpy                  4858            __data16_memcpy (?memzero)

    -------------------------------------------------------------------------
  LIBRARY MODULE, NAME : ?memzero

  SEGMENTS IN THE MODULE
  ======================
<CODE> 1 (was CODE)
  Relative segment, address: 48BE - 48CD (0x10 bytes), align: 1
  Segment part 2.
           ENTRY                   ADDRESS         REF BY
           =====                   =======         ======
           __data16_memzero        48BE            ?cstart_init_zero (?cstart)
    -------------------------------------------------------------------------
<CODE> 1 (was CODE)
  Relative segment, address: 48F2 - 48F5 (0x4 bytes), align: 1
  Segment part 3.
           ENTRY                   ADDRESS         REF BY
           =====                   =======         ======
           __data16_memcpy         48F2            ?cstart_init_copy (?cstart)
               calls direct

    -------------------------------------------------------------------------
  LIBRARY MODULE, NAME : ?xgetmemchunk

  SEGMENTS IN THE MODULE
  ======================
<CODE> 1 (was CODE)
  Relative segment, address: 47C4 - 47E1 (0x1e bytes), align: 1
  Segment part 3.
           ENTRY                   ADDRESS         REF BY
           =====                   =======         ======
           __data16_GetMemChunk    47C4            __data16_findmem (?xxmemxmalloc)
    -------------------------------------------------------------------------
DATA16_Z
  Relative segment, address: 2446 - 2447 (0x2 bytes), align: 1
  Segment part 2.             Intra module refs:   __data16_GetMemChunk
    -------------------------------------------------------------------------
DATA16_HEAP
  Relative segment, address: 244E, align: 1
  Segment part 4.

    -------------------------------------------------------------------------
  LIBRARY MODULE, NAME : ?xxmemxfree

  SEGMENTS IN THE MODULE
  ======================
<CODE> 1 (was CODE)
  Relative segment, address: 44B6 - 453B (0x86 bytes), align: 1
  Segment part 2.
           ENTRY                   ADDRESS         REF BY
           =====                   =======         ======
           __data16_free           44B6            __data16_findmem (?xxmemxmalloc)
                                                   free (circularBuffer)

    -------------------------------------------------------------------------
  LIBRARY MODULE, NAME : ?xxmemxmalloc

  SEGMENTS IN THE MODULE
  ======================
DATA16_Z
  Relative segment, address: 2448 - 244B (0x4 bytes), align: 1
  Segment part 2.             Intra module refs:   __data16_findmem
                                                   __data16_malloc
           ENTRY                   ADDRESS         REF BY
           =====                   =======         ======
           __data16_Aldata         2448            __data16_free (?xxmemxfree)
    -------------------------------------------------------------------------
<CODE> 1 (was CODE)
  Relative segment, address: 45AA - 460D (0x64 bytes), align: 1
  Segment part 3.             Intra module refs:   __data16_malloc
           LOCAL                   ADDRESS         
           =====                   =======         
           __data16_findmem        45AA 
               calls direct
    -------------------------------------------------------------------------
<CODE> 1 (was CODE)
  Relative segment, address: 453C - 45A9 (0x6e bytes), align: 1
  Segment part 4.
           ENTRY                   ADDRESS         REF BY
           =====                   =======         ======
           __data16_malloc         453C            malloc (circularBuffer)
               calls direct




                ****************************************
                *                                      *
                *      SEGMENTS IN ADDRESS ORDER       *
                *                                      *
                ****************************************


SEGMENT              SPACE    START ADDRESS   END ADDRESS     SIZE  TYPE  ALIGN
=======              =====    =============   ===========     ====  ====  =====
DATA16_AN                              015C - 015D               2   rel    0
                                       01B0 - 01B1               2 
                                       022A - 022B               2 
                                       0340 - 0341               2 
                                       0352 - 0353               2 
                                       05E0 - 05E1               2 
                                       05F2 - 05F3               2 
                                       0600 - 0601               2 
                                       0606 - 0608               3 
                                       060C - 060C               1 
                                       060E - 060E               1 
                                       061C - 061D               2 
                                       0700 - 0703               4 
                                       0710 - 0710               1 
                                       0720 - 0721               2 
DATA16_I                               2400 - 2445              46   rel    1
DATA16_Z                               2446 - 244C               7   rel    1
DATA16_HEAP                            244E - 24ED              A0   rel    1
CODE_I                                    24EE                       rel    1
DATA20_I                                  24EE                       rel    1
DATA20_N                                  24EE                       rel    1
DATA20_Z                                  24EE                       rel    1
CSTACK                                 4360 - 43FF              A0   rel    1
DATA16_C                                  4400                       dse    0
DATA16_ID                              4400 - 4445              46   rel    1
CSTART                                 4446 - 446D              28   rel    1
ISR_CODE                               446E - 44B5              48   rel    1
<CODE> 1                               44B6 - 48F7             442   rel    1
DATA20_ID                                 48F8                       rel    1
CODE_ID                                   48F8                       rel    1
DATA20_C                                  48F8                       rel    1
INTVEC                                 FF80 - FFDD              5E   com    1
RESET                                  FFFE - FFFF               2   rel    1

                ****************************************
                *                                      *
                *        END OF CROSS REFERENCE        *
                *                                      *
                ****************************************

 1 298 bytes of CODE  memory
   397 bytes of DATA  memory (+ 30 absolute )
    70 bytes of CONST memory

Errors: none
Warnings: none

